// Jest Snapshot v1, https://goo.gl/fbAQLP

exports[`Chart component should mount empty chart component 1`] = `<div />`;
