// Jest Snapshot v1, https://goo.gl/fbAQLP

exports[`NavigationPrompt component should call componentWillUnmount and unblock method 1`] = `<div />`;

exports[`NavigationPrompt component should not 1`] = `<div />`;

exports[`NavigationPrompt component should render 1`] = `
<NavigationPrompt
  history={
    Object {
      "block": [MockFunction] {
        "calls": Array [
          Array [
            [Function],
          ],
        ],
        "results": Array [
          Object {
            "type": "return",
            "value": undefined,
          },
        ],
      },
    }
  }
  when={true}
>
  <div />
</NavigationPrompt>
`;
